// Jest Snapshot v1, https://goo.gl/fbAQLP

exports[`GifGridTest Unit Testing debe mostrar el componente correctamente 1`] = `
<div
  className="card animate__animated animate__fadeInDown"
>
  <img
    alt="Titulo"
    src="http://localost/algo.jpg"
  />
  <p>
    Titulo
  </p>
</div>
`;
